Ôû▓ Next.js 16.1.6 (Turbopack)
- Environments: .env.local, .env

ÔÜá The "middleware" file convention is deprecated. Please use "proxy" instead. Learn more: https://nextjs.org/docs/messages/middleware-to-proxy
  Creating an optimized production build ...
Ô£ô Compiled successfully in 5.1min
  Running TypeScript ...
Failed to compile.

.next/dev/types/validator.ts:549:31
Type error: Type 'typeof import("D:/trae_projects/Leyopolis/src/app/api/books/[bookId]/attempts/route")' does not satisfy the constraint 'RouteHandlerConfig<"/api/books/[bookId]/attempts">'.
  Types of property 'GET' are incompatible.
    Type '(req: Request, { params }: { params: { bookId: string; }; }) => Promise<NextResponse<{ message: string; }> | NextResponse<{ hasAttempt: boolean; lastAttempt: any; }>>' is not assignable to type '(request: NextRequest, context: { params: Promise<{ bookId: string; }>; }) => void | Response | Promise<void | Response>'.
      Types of parameters '__1' and 'context' are incompatible.
        Type '{ params: Promise<{ bookId: string; }>; }' is not assignable to type '{ params: { bookId: string; }; }'.
          Types of property 'params' are incompatible.
            Property 'bookId' is missing in type 'Promise<{ bookId: string; }>' but required in type '{ bookId: string; }'.

  547 |   type __IsExpected<Specific extends RouteHandlerConfig<"/api/books/[bookId]/attempts">> = Specific
  548 |   const handler = {} as typeof import("../../../src/app/api/books/[bookId]/attempts/route.js")
> 549 |   type __Check = __IsExpected<typeof handler>
      |                               ^
  550 |   // @ts-ignore
  551 |   type __Unused = __Check
  552 | }
Next.js build worker exited with code: 1 and signal: null
